../Core/Src/mqtt_task.c:179:13:topic_matches	16	static
../Core/Src/mqtt_task.c:212:26:find_sub_slot_exact	24	static
../Core/Src/mqtt_task.c:222:26:find_sub_slot_match	24	static
../Core/Src/mqtt_task.c:233:26:find_free_sub_slot	16	static
../Core/Src/mqtt_task.c:241:13:invoke_state_cb	24	static
../Core/Src/mqtt_task.c:256:17:compute_backoff_ms	24	static
../Core/Src/mqtt_task.c:271:13:on_incoming_publish	24	static
../Core/Src/mqtt_task.c:293:13:on_incoming_data	56	static
../Core/Src/mqtt_task.c:329:13:on_pub_done	16	static
../Core/Src/mqtt_task.c:342:13:on_sub_done	16	static
../Core/Src/mqtt_task.c:348:13:on_connection	32	static
../Core/Src/mqtt_task.c:392:13:do_disconnect	16	static
../Core/Src/mqtt_task.c:425:13:do_connect	56	static
../Core/Src/mqtt_task.c:465:13:do_publish	56	static
../Core/Src/mqtt_task.c:492:13:do_apply_subscriptions	168	static
../Core/Src/mqtt_task.c:566:13:mqtt_task	432	static
../Core/Src/mqtt_task.c:680:6:mqtt_init	24	static
../Core/Src/mqtt_task.c:707:6:mqtt_is_connected	4	static
../Core/Src/mqtt_task.c:712:6:mqtt_set_state_callback	16	static
../Core/Src/mqtt_task.c:722:6:mqtt_force_reconnect	4	static
../Core/Src/mqtt_task.c:727:6:mqtt_app_publish	424	static
../Core/Src/mqtt_task.c:753:6:mqtt_app_publish_string	24	static
../Core/Src/mqtt_task.c:759:6:mqtt_app_publish_printf	292	static
../Core/Src/mqtt_task.c:771:6:mqtt_app_publish_retained	32	static
../Core/Src/mqtt_task.c:776:6:mqtt_app_subscribe	32	static
../Core/Src/mqtt_task.c:804:6:mqtt_app_unsubscribe	24	static
../Core/Src/mqtt_task.c:824:6:mqtt_set_default_handler	16	static
../Core/Src/mqtt_task.c:835:6:mqtt_set_will	32	static
../Core/Src/mqtt_task.c:860:6:mqtt_get_stats	16	static
